
==========
== CUDA ==
==========

CUDA Version 12.9.1

Container image Copyright (c) 2016-2023, NVIDIA CORPORATION & AFFILIATES. All rights reserved.

This container image and its contents are governed by the NVIDIA Deep Learning Container License.
By pulling and using the container, you accept the terms and conditions of this license:
https://developer.nvidia.com/ngc/nvidia-deep-learning-container-license

A copy of this license is made available in this container at /NGC-DL-CONTAINER-LICENSE for your convenience.

# devices 3, peer access enabled
# dev 0 Tesla P100-PCIE-16GB pci 0000:01:00 cc 6.0 clock 1328500 kHz
# dev 1 Tesla P100-PCIE-16GB pci 0000:03:00 cc 6.0 clock 1328500 kHz
# dev 2 Tesla P100-PCIE-16GB pci 0000:04:00 cc 6.0 clock 1328500 kHz
# canAccessPeer 0->1 = 1
# canAccessPeer 0->2 = 1
# canAccessPeer 1->0 = 1
# canAccessPeer 1->2 = 1
# canAccessPeer 2->0 = 1
# canAccessPeer 2->1 = 1

mode,src,dst,bytes,median_us,GBps
ce_push,0,1,20480,8.35,2.452
ce_pull,0,1,20480,11.46,1.788
k_write,0,1,20480,9.95,2.058
k_read,0,1,20480,11.78,1.739
ce_push,0,1,102400,24.03,4.261
ce_pull,0,1,102400,27.74,3.691
k_write,0,1,102400,27.33,3.747
k_read,0,1,102400,27.68,3.699
ce_push,0,1,262144,54.59,4.802
ce_pull,0,1,262144,58.40,4.489
k_write,0,1,262144,62.18,4.216
k_read,0,1,262144,58.85,4.455
ce_push,0,1,1048576,205.15,5.111
ce_pull,0,1,1048576,210.78,4.975
k_write,0,1,1048576,234.78,4.466
k_read,0,1,1048576,211.81,4.951
ce_push,0,1,20971520,4021.66,5.215
ce_pull,0,1,20971520,4067.26,5.156
k_write,0,1,20971520,4670.37,4.490
k_read,0,1,20971520,4086.98,5.131
ce_push,0,1,67108864,12853.79,5.221
ce_pull,0,1,67108864,12987.26,5.167
k_write,0,1,67108864,14954.02,4.488
k_read,0,1,67108864,13033.50,5.149
ce_push,0,2,20480,8.29,2.471
ce_pull,0,2,20480,11.87,1.725
k_write,0,2,20480,10.14,2.019
k_read,0,2,20480,11.87,1.725
ce_push,0,2,102400,23.97,4.272
ce_pull,0,2,102400,27.42,3.734
k_write,0,2,102400,27.26,3.756
k_read,0,2,102400,27.52,3.721
ce_push,0,2,262144,54.59,4.802
ce_pull,0,2,262144,58.27,4.499
k_write,0,2,262144,62.21,4.214
k_read,0,2,262144,58.37,4.491
ce_push,0,2,1048576,205.15,5.111
ce_pull,0,2,1048576,210.72,4.976
k_write,0,2,1048576,234.94,4.463
k_read,0,2,1048576,210.24,4.988
ce_push,0,2,20971520,4021.09,5.215
ce_pull,0,2,20971520,4065.41,5.159
k_write,0,2,20971520,4670.14,4.491
k_read,0,2,20971520,4057.41,5.169
ce_push,0,2,67108864,12853.73,5.221
ce_pull,0,2,67108864,12985.76,5.168
k_write,0,2,67108864,14955.65,4.487
k_read,0,2,67108864,12955.68,5.180
ce_push,1,0,20480,8.29,2.471
ce_pull,1,0,20480,11.52,1.778
k_write,1,0,20480,9.89,2.071
k_read,1,0,20480,11.39,1.798
ce_push,1,0,102400,23.97,4.272
ce_pull,1,0,102400,27.30,3.751
k_write,1,0,102400,27.17,3.769
k_read,1,0,102400,27.30,3.751
ce_push,1,0,262144,54.53,4.808
ce_pull,1,0,262144,58.43,4.486
k_write,1,0,262144,62.34,4.205
k_read,1,0,262144,58.14,4.509
ce_push,1,0,1048576,205.15,5.111
ce_pull,1,0,1048576,210.62,4.978
k_write,1,0,1048576,235.33,4.456
k_read,1,0,1048576,210.21,4.988
ce_push,1,0,20971520,4021.06,5.215
ce_pull,1,0,20971520,4067.01,5.156
k_write,1,0,20971520,4672.80,4.488
k_read,1,0,20971520,4064.35,5.160
ce_push,1,0,67108864,12852.42,5.221
ce_pull,1,0,67108864,12995.36,5.164
k_write,1,0,67108864,14953.18,4.488
k_read,1,0,67108864,12964.29,5.176
ce_push,1,2,20480,8.29,2.471
ce_pull,1,2,20480,11.49,1.783
k_write,1,2,20480,10.05,2.038
k_read,1,2,20480,11.33,1.808
ce_push,1,2,102400,23.90,4.284
ce_pull,1,2,102400,27.20,3.765
k_write,1,2,102400,27.33,3.747
k_read,1,2,102400,27.33,3.747
ce_push,1,2,262144,54.50,4.810
ce_pull,1,2,262144,58.53,4.479
k_write,1,2,262144,62.37,4.203
k_read,1,2,262144,57.98,4.521
ce_push,1,2,1048576,205.28,5.108
ce_pull,1,2,1048576,210.40,4.984
k_write,1,2,1048576,235.36,4.455
k_read,1,2,1048576,210.62,4.978
ce_push,1,2,20971520,4025.25,5.210
ce_pull,1,2,20971520,4069.22,5.154
k_write,1,2,20971520,4670.94,4.490
k_read,1,2,20971520,4072.70,5.149
ce_push,1,2,67108864,12852.48,5.221
ce_pull,1,2,67108864,12987.33,5.167
k_write,1,2,67108864,14951.94,4.488
k_read,1,2,67108864,12978.75,5.171
ce_push,2,0,20480,8.26,2.481
ce_pull,2,0,20480,11.46,1.788
k_write,2,0,20480,10.08,2.032
k_read,2,0,20480,11.33,1.808
ce_push,2,0,102400,23.97,4.272
ce_pull,2,0,102400,27.33,3.747
k_write,2,0,102400,27.33,3.747
k_read,2,0,102400,27.20,3.765
ce_push,2,0,262144,54.53,4.808
ce_pull,2,0,262144,58.56,4.477
k_write,2,0,262144,62.24,4.212
k_read,2,0,262144,58.21,4.504
ce_push,2,0,1048576,205.15,5.111
ce_pull,2,0,1048576,210.69,4.977
k_write,2,0,1048576,234.98,4.462
k_read,2,0,1048576,210.30,4.986
ce_push,2,0,20971520,4021.18,5.215
ce_pull,2,0,20971520,4066.37,5.157
k_write,2,0,20971520,4671.01,4.490
k_read,2,0,20971520,4063.90,5.160
ce_push,2,0,67108864,12854.43,5.221
ce_pull,2,0,67108864,12987.90,5.167
k_write,2,0,67108864,14953.12,4.488
k_read,2,0,67108864,12964.42,5.176
ce_push,2,1,20480,8.38,2.443
ce_pull,2,1,20480,11.68,1.753
k_write,2,1,20480,10.18,2.013
k_read,2,1,20480,11.84,1.730
ce_push,2,1,102400,24.03,4.261
ce_pull,2,1,102400,27.33,3.747
k_write,2,1,102400,27.17,3.769
k_read,2,1,102400,27.74,3.691
ce_push,2,1,262144,54.59,4.802
ce_pull,2,1,262144,58.50,4.481
k_write,2,1,262144,62.18,4.216
k_read,2,1,262144,58.91,4.450
ce_push,2,1,1048576,205.12,5.112
ce_pull,2,1,1048576,210.78,4.975
k_write,2,1,1048576,235.07,4.461
k_read,2,1,1048576,212.42,4.936
ce_push,2,1,20971520,4021.22,5.215
ce_pull,2,1,20971520,4066.62,5.157
k_write,2,1,20971520,4671.04,4.490
k_read,2,1,20971520,4101.66,5.113
ce_push,2,1,67108864,12853.50,5.221
ce_pull,2,1,67108864,12989.95,5.166
k_write,2,1,67108864,14954.43,4.488
k_read,2,1,67108864,13068.03,5.135

lat_mode,src,dst,iters,one_way_us
flag_pingpong,0,1,2000,0.939
flag_pingpong,0,2,2000,0.901
flag_pingpong,1,0,2000,0.935
flag_pingpong,1,2,2000,0.935
flag_pingpong,2,0,2000,0.907
flag_pingpong,2,1,2000,0.929
# done
