ggml_cuda_init: found 3 CUDA devices (Total VRAM: 48807 MiB):
  Device 0: Tesla P100-PCIE-16GB, compute capability 6.0, VMM: yes, VRAM: 16269 MiB
  Device 1: Tesla P100-PCIE-16GB, compute capability 6.0, VMM: yes, VRAM: 16269 MiB
  Device 2: Tesla P100-PCIE-16GB, compute capability 6.0, VMM: yes, VRAM: 16269 MiB
op profile, device 0: 24640 graphs, 2575.3 ms graph wall, 2357.6 ms in ops
      439.3 ms  18.6%  x5504     MUL_MAT q8_0 5120x5760 n=1
      222.6 ms   9.4%  x2752     MUL_MAT q8_0 5760x5120 n=1
      218.3 ms   9.3%  x2688     MUL_MAT q8_0 5120x5888 n=1
      184.5 ms   7.8%  x16448    ADD n=1
      168.6 ms   7.2%  x2048     MUL_MAT q8_0 5120x3200 n=1
      141.9 ms   6.0%  x11200    fused:ADD n=1
      108.8 ms   4.6%  x1344     MUL_MAT q8_0 5888x5120 n=1
       80.8 ms   3.4%  x2048     fused:RMS_NORM n=15
       75.1 ms   3.2%  x2048     MUL_MAT q8_0 1920x5120 n=1
       66.4 ms   2.8%  x1024     MUL_MAT q8_0 5120x3840 n=1
       61.7 ms   2.6%  x64       MUL_MAT q8_0 5120x82774 n=1
       51.6 ms   2.2%  x4096     MUL_MAT q8_0 5120x15 n=1
       44.7 ms   1.9%  x1024     fused:RMS_NORM n=18
       43.1 ms   1.8%  x1024     FLASH_ATTN_EXT nb=1 kv=256
       41.0 ms   1.7%  x832      fused:RMS_NORM n=1
       40.8 ms   1.7%  x1024     MUL_MAT q8_0 2304x5120 n=1
       37.6 ms   1.6%  x704      MUL_MAT q8_0 5120x3072 n=1
       33.7 ms   1.4%  x3072     fused:GATED_DELTA_NET n=129
       27.9 ms   1.2%  x320      MUL_MAT q8_0 5120x6144 n=1
       25.6 ms   1.1%  x2048     MUL_MAT q8_0 5120x18 n=1
       25.0 ms   1.1%  x2048     CONCAT n=3200
       21.9 ms   0.9%  x704      MUL_MAT q8_0 1536x5120 n=1
       19.9 ms   0.8%  x1408     MUL_MAT q8_0 5120x256 n=1
       17.6 ms   0.7%  x4096     SWIGLU n=1
       16.5 ms   0.7%  x3072     fused:SSM_CONV n=1
       15.9 ms   0.7%  x3072     CPY n=1
       15.6 ms   0.7%  x320      MUL_MAT q8_0 3072x5120 n=1
       14.2 ms   0.6%  x2048     SET_ROWS n=256
       10.3 ms   0.4%  x1728     fused:RMS_NORM n=6
       10.1 ms   0.4%  x640      MUL_MAT q8_0 5120x512 n=1
        9.7 ms   0.4%  x2048     fused:RMS_NORM n=5
        7.6 ms   0.3%  x2048     SIGMOID n=15
        6.6 ms   0.3%  x1024     CONCAT n=3840
        5.9 ms   0.2%  x704      ROPE n=6
        4.5 ms   0.2%  x1024     CONT n=1
        4.2 ms   0.2%  x1024     fused:SIGMOID n=1
        4.1 ms   0.2%  x64       GET_ROWS n=1
        3.7 ms   0.2%  x1024     SIGMOID n=18
        3.6 ms   0.2%  x704      MUL_MAT f32 256x256 n=6
        3.3 ms   0.1%  x704      ROPE n=1
        3.1 ms   0.1%  x704      MUL_MAT f32 256x256 n=1
        2.8 ms   0.1%  x704      MUL_MAT f32 64x64 n=4
        2.7 ms   0.1%  x704      MUL_MAT f32 64x64 n=24
        2.5 ms   0.1%  x320      fused:RMS_NORM n=12
        2.5 ms   0.1%  x320      fused:RMS_NORM n=2
op profile, device 1: 16448 graphs, 2326.2 ms graph wall, 2145.2 ms in ops
      437.4 ms  20.4%  x5504     MUL_MAT q8_0 5120x5760 n=1
      223.2 ms  10.4%  x2752     MUL_MAT q8_0 5760x5120 n=1
      217.6 ms  10.1%  x2688     MUL_MAT q8_0 5120x5888 n=1
      138.7 ms   6.5%  x11200    fused:ADD n=1
      127.5 ms   5.9%  x2048     MUL_MAT q8_0 5120x3200 n=1
      109.2 ms   5.1%  x1344     MUL_MAT q8_0 5888x5120 n=1
       80.3 ms   3.7%  x2048     fused:RMS_NORM n=15
       78.5 ms   3.7%  x8256     ADD n=1
       75.6 ms   3.5%  x2048     MUL_MAT q8_0 1920x5120 n=1
       65.2 ms   3.0%  x1024     MUL_MAT q8_0 5120x3840 n=1
       61.7 ms   2.9%  x64       MUL_MAT q8_0 5120x82773 n=1
       51.4 ms   2.4%  x4096     MUL_MAT q8_0 5120x15 n=1
       44.9 ms   2.1%  x1024     fused:RMS_NORM n=18
       41.0 ms   1.9%  x1024     MUL_MAT q8_0 2304x5120 n=1
       37.1 ms   1.7%  x1024     FLASH_ATTN_EXT nb=1 kv=256
       37.0 ms   1.7%  x704      MUL_MAT q8_0 5120x3072 n=1
       32.8 ms   1.5%  x3072     fused:GATED_DELTA_NET n=129
       27.7 ms   1.3%  x320      MUL_MAT q8_0 5120x6144 n=1
       25.5 ms   1.2%  x2048     MUL_MAT q8_0 5120x18 n=1
       22.1 ms   1.0%  x704      MUL_MAT q8_0 1536x5120 n=1
       19.9 ms   0.9%  x1408     MUL_MAT q8_0 5120x256 n=1
       18.1 ms   0.8%  x4096     SWIGLU n=1
       15.7 ms   0.7%  x320      MUL_MAT q8_0 3072x5120 n=1
       15.4 ms   0.7%  x3072     fused:SSM_CONV n=1
       14.4 ms   0.7%  x3072     CPY n=1
       13.4 ms   0.6%  x2048     SET_ROWS n=256
       12.4 ms   0.6%  x2048     CONCAT n=3200
       10.5 ms   0.5%  x1728     fused:RMS_NORM n=6
       10.1 ms   0.5%  x640      MUL_MAT q8_0 5120x512 n=1
        9.8 ms   0.5%  x2048     fused:RMS_NORM n=5
        9.2 ms   0.4%  x832      fused:RMS_NORM n=1
        7.6 ms   0.4%  x2048     SIGMOID n=15
        6.6 ms   0.3%  x1024     CONCAT n=3840
        4.5 ms   0.2%  x1024     CONT n=1
        4.1 ms   0.2%  x1024     fused:SIGMOID n=1
        4.1 ms   0.2%  x704      ROPE n=6
        3.8 ms   0.2%  x1024     SIGMOID n=18
        3.3 ms   0.2%  x704      ROPE n=1
        3.3 ms   0.2%  x704      MUL_MAT f32 256x256 n=6
        3.1 ms   0.1%  x704      MUL_MAT f32 256x256 n=1
        2.8 ms   0.1%  x704      MUL_MAT f32 64x64 n=4
        2.8 ms   0.1%  x704      MUL_MAT f32 64x64 n=24
        2.5 ms   0.1%  x320      fused:RMS_NORM n=12
        2.5 ms   0.1%  x320      fused:RMS_NORM n=2
        1.6 ms   0.1%  x320      ROPE n=12
op profile, device 2: 8256 graphs, 2229.0 ms graph wall, 2076.9 ms in ops
      428.4 ms  20.6%  x5376     MUL_MAT q8_0 5120x5760 n=1
      228.7 ms  11.0%  x2816     MUL_MAT q8_0 5120x5888 n=1
      218.7 ms  10.5%  x2688     MUL_MAT q8_0 5760x5120 n=1
      137.4 ms   6.6%  x11200    fused:ADD n=1
      116.0 ms   5.6%  x2048     MUL_MAT q8_0 5120x3200 n=1
      114.8 ms   5.5%  x1408     MUL_MAT q8_0 5888x5120 n=1
       80.4 ms   3.9%  x2048     fused:RMS_NORM n=15
       76.9 ms   3.7%  x1024     MUL_MAT q8_0 5120x3840 n=1
       75.7 ms   3.6%  x2048     MUL_MAT q8_0 1920x5120 n=1
       61.9 ms   3.0%  x64       MUL_MAT q8_0 5120x82773 n=1
       51.1 ms   2.5%  x4096     MUL_MAT q8_0 5120x15 n=1
       45.1 ms   2.2%  x1024     fused:RMS_NORM n=18
       41.2 ms   2.0%  x1024     MUL_MAT q8_0 2304x5120 n=1
       37.0 ms   1.8%  x1024     FLASH_ATTN_EXT nb=1 kv=256
       33.8 ms   1.6%  x640      MUL_MAT q8_0 5120x3072 n=1
       33.4 ms   1.6%  x384      MUL_MAT q8_0 5120x6144 n=1
       33.1 ms   1.6%  x3072     fused:GATED_DELTA_NET n=129
       25.7 ms   1.2%  x2048     MUL_MAT q8_0 5120x18 n=1
       20.0 ms   1.0%  x640      MUL_MAT q8_0 1536x5120 n=1
       18.9 ms   0.9%  x384      MUL_MAT q8_0 3072x5120 n=1
       18.7 ms   0.9%  x4096     SWIGLU n=1
       18.1 ms   0.9%  x1280     MUL_MAT q8_0 5120x256 n=1
       15.5 ms   0.7%  x3072     fused:SSM_CONV n=1
       14.7 ms   0.7%  x3072     CPY n=1
       13.2 ms   0.6%  x2048     SET_ROWS n=256
       12.3 ms   0.6%  x768      MUL_MAT q8_0 5120x512 n=1
       12.0 ms   0.6%  x2048     CONCAT n=3200
        9.9 ms   0.5%  x1664     fused:RMS_NORM n=6
        9.7 ms   0.5%  x2048     fused:RMS_NORM n=5
        8.6 ms   0.4%  x768      fused:RMS_NORM n=1
        7.6 ms   0.4%  x2048     SIGMOID n=15
        7.0 ms   0.3%  x1024     CONCAT n=3840
        4.5 ms   0.2%  x1024     CONT n=1
        4.1 ms   0.2%  x1024     fused:SIGMOID n=1
        3.9 ms   0.2%  x1024     SIGMOID n=18
        3.2 ms   0.2%  x640      ROPE n=6
        3.0 ms   0.1%  x384      fused:RMS_NORM n=12
        3.0 ms   0.1%  x640      ROPE n=1
        3.0 ms   0.1%  x384      fused:RMS_NORM n=2
        2.9 ms   0.1%  x640      MUL_MAT f32 256x256 n=1
        2.8 ms   0.1%  x640      MUL_MAT f32 256x256 n=6
        2.7 ms   0.1%  x64       ADD n=1
        2.5 ms   0.1%  x640      MUL_MAT f32 64x64 n=24
        2.5 ms   0.1%  x640      MUL_MAT f32 64x64 n=4
        2.4 ms   0.1%  x384      ROPE n=12
