ggml_cuda_init: found 3 CUDA devices (Total VRAM: 48807 MiB):
  Device 0: Tesla P100-PCIE-16GB, compute capability 6.0, VMM: yes, VRAM: 16269 MiB
  Device 1: Tesla P100-PCIE-16GB, compute capability 6.0, VMM: yes, VRAM: 16269 MiB
  Device 2: Tesla P100-PCIE-16GB, compute capability 6.0, VMM: yes, VRAM: 16269 MiB
op profile, device 0: 7700 graphs, 1230.0 ms graph wall, 1165.1 ms in ops
       74.4 ms   6.4%  x520      MUL_MAT q8_0 5120x5888 n=5
       68.4 ms   5.9%  x260      MUL_MAT q8_0 5120x3200 n=5
       65.3 ms   5.6%  x460      MUL_MAT q8_0 5120x5760 n=5
       60.0 ms   5.1%  x400      MUL_MAT q8_0 5760x5120 n=5
       48.8 ms   4.2%  x380      MUL_MAT q6_K 5888x5120 n=5
       40.7 ms   3.5%  x880      MUL_MAT q8_0 5120x18 n=5
       38.2 ms   3.3%  x840      MUL_MAT q8_0 5120x15 n=5
       37.1 ms   3.2%  x320      FLASH_ATTN_EXT nb=5 kv=256
       36.0 ms   3.1%  x460      fused:RMS_NORM n=5
       35.3 ms   3.0%  x440      fused:RMS_NORM n=18
       31.5 ms   2.7%  x180      fused:MUL_MAT q6_K 5120x5888 n=5
       30.8 ms   2.6%  x3500     fused:ADD n=5
       30.1 ms   2.6%  x420      fused:RMS_NORM n=15
       30.0 ms   2.6%  x300      MUL_MAT q6_K 5120x5888 n=5
       27.8 ms   2.4%  x5140     ADD n=5
       27.0 ms   2.3%  x180      MUL_MAT q8_0 5888x5120 n=5
       26.1 ms   2.2%  x420      MUL_MAT q8_0 1920x5120 n=5
       21.4 ms   1.8%  x280      MUL_MAT q6_K 5120x3840 n=5
       21.3 ms   1.8%  x220      MUL_MAT q6_K 5632x5120 n=5
       21.2 ms   1.8%  x120      fused:MUL_MAT q6_K 5120x5760 n=5
       20.2 ms   1.7%  x120      fused:MUL_MAT q6_K 5120x5632 n=5
       19.4 ms   1.7%  x20       MUL_MAT q8_0 5120x82774 n=1
       17.1 ms   1.5%  x120      MUL_MAT q8_0 5120x5632 n=5
       16.9 ms   1.5%  x360      MUL_MAT q8_0 5120x256 n=5
       16.9 ms   1.4%  x960      fused:GATED_DELTA_NET n=133
       16.6 ms   1.4%  x420      fused:CONCAT n=3200
       16.4 ms   1.4%  x240      MUL_MAT q8_0 2304x5120 n=5
       16.4 ms   1.4%  x1920     SCALE n=1
       15.1 ms   1.3%  x140      MUL_MAT q8_0 5120x3840 n=5
       14.0 ms   1.2%  x120      MUL_MAT q6_K 5120x5632 n=5
       11.6 ms   1.0%  x160      MUL_MAT q6_K 5120x3200 n=5
       11.4 ms   1.0%  x160      MUL_MAT q6_K 2304x5120 n=5
       11.2 ms   1.0%  x60       MUL_MAT q5_K 5120x5888 n=5
       11.0 ms   0.9%  x60       MUL_MAT q5_K 5888x5120 n=5
        9.4 ms   0.8%  x200      MUL_MAT q8_0 5120x12 n=5
        8.8 ms   0.8%  x100      MUL_MAT q8_0 3072x5120 n=5
        8.6 ms   0.7%  x180      MUL_MAT q8_0 5120x512 n=5
        8.1 ms   0.7%  x80       MUL_MAT q6_K 5120x5760 n=5
        8.0 ms   0.7%  x160      MUL_MAT q8_0 1536x5120 n=5
        7.5 ms   0.6%  x960      fused:SSM_CONV n=5
        7.4 ms   0.6%  x40       MUL_MAT q5_K 5120x5632 n=5
        7.3 ms   0.6%  x640      SET_ROWS n=256
        7.3 ms   0.6%  x200      fused:RMS_NORM n=12
        7.2 ms   0.6%  x80       MUL_MAT q8_0 5120x3072 n=5
        6.8 ms   0.6%  x40       MUL_MAT q5_K 5632x5120 n=5
op profile, device 1: 5140 graphs, 1156.7 ms graph wall, 1097.9 ms in ops
       71.6 ms   6.5%  x500      MUL_MAT q8_0 5120x5760 n=5
       63.7 ms   5.8%  x440      MUL_MAT q8_0 5120x5888 n=5
       54.1 ms   4.9%  x360      MUL_MAT q8_0 5760x5120 n=5
       53.2 ms   4.8%  x300      fused:MUL_MAT q6_K 5120x5888 n=5
       51.5 ms   4.7%  x400      MUL_MAT q6_K 5888x5120 n=5
       44.0 ms   4.0%  x3500     fused:ADD n=5
       42.8 ms   3.9%  x920      MUL_MAT q8_0 5120x15 n=5
       39.4 ms   3.6%  x840      MUL_MAT q8_0 5120x18 n=5
       33.9 ms   3.1%  x420      fused:RMS_NORM n=18
       33.5 ms   3.1%  x460      fused:RMS_NORM n=15
       33.3 ms   3.0%  x220      MUL_MAT q8_0 5120x3200 n=5
       33.1 ms   3.0%  x220      MUL_MAT q8_0 5888x5120 n=5
       32.1 ms   2.9%  x320      FLASH_ATTN_EXT nb=5 kv=256
       28.9 ms   2.6%  x460      MUL_MAT q8_0 1920x5120 n=5
       28.8 ms   2.6%  x280      MUL_MAT q6_K 5120x5888 n=5
       25.7 ms   2.3%  x2580     ADD n=5
       23.0 ms   2.1%  x160      MUL_MAT q8_0 5120x5632 n=5
       20.2 ms   1.8%  x180      MUL_MAT q8_0 5120x3840 n=5
       19.8 ms   1.8%  x200      MUL_MAT q6_K 5632x5120 n=5
       19.3 ms   1.8%  x20       MUL_MAT q8_0 5120x82773 n=1
       18.2 ms   1.7%  x240      MUL_MAT q6_K 5120x3200 n=5
       16.2 ms   1.5%  x960      fused:GATED_DELTA_NET n=133
       16.2 ms   1.5%  x1920     SCALE n=1
       16.0 ms   1.5%  x340      MUL_MAT q8_0 5120x256 n=5
       14.0 ms   1.3%  x180      MUL_MAT q6_K 5120x3840 n=5
       13.8 ms   1.3%  x140      MUL_MAT q6_K 5120x5632 n=5
       13.7 ms   1.2%  x200      MUL_MAT q8_0 2304x5120 n=5
       11.6 ms   1.1%  x160      MUL_MAT q6_K 2304x5120 n=5
       11.0 ms   1.0%  x60       MUL_MAT q5_K 5888x5120 n=5
       10.7 ms   1.0%  x60       fused:MUL_MAT q6_K 5120x5760 n=5
       10.6 ms   1.0%  x60       MUL_MAT q5_K 5120x5632 n=5
       10.3 ms   0.9%  x60       fused:MUL_MAT q6_K 5120x5632 n=5
       10.0 ms   0.9%  x200      MUL_MAT q8_0 1536x5120 n=5
        9.5 ms   0.9%  x200      MUL_MAT q8_0 5120x512 n=5
        8.5 ms   0.8%  x60       MUL_MAT q5_K 5120x3840 n=5
        7.9 ms   0.7%  x80       MUL_MAT q6_K 5120x5760 n=5
        7.8 ms   0.7%  x40       MUL_MAT q5_K 5120x5888 n=5
        7.5 ms   0.7%  x160      MUL_MAT q8_0 5120x12 n=5
        7.4 ms   0.7%  x80       MUL_MAT q8_0 5120x3072 n=5
        7.1 ms   0.6%  x120      MUL_MAT q6_K 5120x3072 n=5
        6.8 ms   0.6%  x40       MUL_MAT q5_K 5632x5120 n=5
        6.6 ms   0.6%  x640      SET_ROWS n=256
        6.4 ms   0.6%  x960      fused:SSM_CONV n=5
        6.0 ms   0.5%  x40       MUL_MAT q8_0 5120x6144 n=5
        5.5 ms   0.5%  x180      fused:RMS_NORM n=12
op profile, device 2: 2580 graphs, 1127.5 ms graph wall, 1077.6 ms in ops
       75.0 ms   7.0%  x520      MUL_MAT q8_0 5120x5888 n=5
       68.9 ms   6.4%  x480      MUL_MAT q8_0 5120x5760 n=5
       60.3 ms   5.6%  x400      MUL_MAT q8_0 5760x5120 n=5
       54.2 ms   5.0%  x420      MUL_MAT q6_K 5888x5120 n=5
       43.9 ms   4.1%  x3500     fused:ADD n=5
       40.5 ms   3.8%  x880      MUL_MAT q8_0 5120x15 n=5
       39.0 ms   3.6%  x220      fused:MUL_MAT q6_K 5120x5888 n=5
       37.8 ms   3.5%  x220      MUL_MAT q8_0 5120x3840 n=5
       36.9 ms   3.4%  x800      MUL_MAT q8_0 5120x18 n=5
       32.8 ms   3.0%  x320      FLASH_ATTN_EXT nb=5 kv=256
       31.8 ms   3.0%  x400      fused:RMS_NORM n=18
       31.8 ms   2.9%  x440      fused:RMS_NORM n=15
       29.0 ms   2.7%  x280      MUL_MAT q6_K 5120x5888 n=5
       27.5 ms   2.6%  x440      MUL_MAT q8_0 1920x5120 n=5
       27.2 ms   2.5%  x180      MUL_MAT q8_0 5888x5120 n=5
       23.2 ms   2.1%  x120      MUL_MAT q5_K 5120x5888 n=5
       19.4 ms   1.8%  x200      MUL_MAT q8_0 5120x3200 n=5
       19.4 ms   1.8%  x20       MUL_MAT q8_0 5120x82773 n=1
       18.1 ms   1.7%  x240      MUL_MAT q6_K 5120x3200 n=5
       17.9 ms   1.7%  x380      MUL_MAT q8_0 5120x256 n=5
       17.7 ms   1.6%  x100      fused:MUL_MAT q6_K 5120x5760 n=5
       17.5 ms   1.6%  x180      MUL_MAT q6_K 5632x5120 n=5
       17.3 ms   1.6%  x100      fused:MUL_MAT q6_K 5120x5632 n=5
       16.4 ms   1.5%  x960      fused:GATED_DELTA_NET n=133
       16.3 ms   1.5%  x1920     SCALE n=1
       15.1 ms   1.4%  x220      MUL_MAT q8_0 2304x5120 n=5
       14.7 ms   1.4%  x80       MUL_MAT q5_K 5888x5120 n=5
       14.5 ms   1.3%  x100      MUL_MAT q8_0 5120x5632 n=5
       11.9 ms   1.1%  x120      MUL_MAT q6_K 5120x5760 n=5
       11.7 ms   1.1%  x160      MUL_MAT q6_K 2304x5120 n=5
       11.6 ms   1.1%  x140      MUL_MAT q6_K 5120x3840 n=5
       11.2 ms   1.0%  x240      MUL_MAT q8_0 5120x12 n=5
        9.8 ms   0.9%  x100      MUL_MAT q6_K 5120x5632 n=5
        9.0 ms   0.8%  x100      MUL_MAT q8_0 3072x5120 n=5
        8.6 ms   0.8%  x240      fused:RMS_NORM n=12
        7.9 ms   0.7%  x160      MUL_MAT q8_0 1536x5120 n=5
        7.7 ms   0.7%  x160      MUL_MAT q8_0 5120x512 n=5
        7.4 ms   0.7%  x80       MUL_MAT q8_0 5120x3072 n=5
        6.5 ms   0.6%  x640      SET_ROWS n=256
        6.4 ms   0.6%  x960      fused:SSM_CONV n=5
        6.3 ms   0.6%  x80       MUL_MAT q6_K 5120x2560 n=5
        6.1 ms   0.6%  x60       MUL_MAT q6_K 5120x6144 n=5
        6.0 ms   0.6%  x40       MUL_MAT q8_0 5120x6144 n=5
        5.8 ms   0.5%  x100      MUL_MAT q6_K 5120x3072 n=5
        5.6 ms   0.5%  x40       MUL_MAT q5_K 5120x3840 n=5
